### INFO ### diagonal elements
[[1, 1], [1, 1], [0, 0], [0, 0]] -7.0
[[1, 1], [1, 0], [0, 1], [0, 0]] 1.0
[[1, 1], [1, 0], [0, 0], [0, 1]] -3.0
[[1, 0], [1, 1], [0, 1], [0, 0]] -3.0
[[1, 0], [1, 1], [0, 0], [0, 1]] -7.0
[[1, 0], [1, 0], [0, 1], [0, 1]] 1.0
[[1, 1], [0, 1], [1, 0], [0, 0]] 1.0
[[1, 1], [0, 0], [1, 1], [0, 0]] 9.0
[[1, 1], [0, 0], [1, 0], [0, 1]] 5.0
[[1, 0], [0, 1], [1, 1], [0, 0]] 5.0
[[1, 0], [0, 1], [1, 0], [0, 1]] 1.0
[[1, 0], [0, 0], [1, 1], [0, 1]] 9.0
[[1, 1], [0, 1], [0, 0], [1, 0]] -3.0
[[1, 1], [0, 0], [0, 1], [1, 0]] 5.0
[[1, 1], [0, 0], [0, 0], [1, 1]] 1.0
[[1, 0], [0, 1], [0, 1], [1, 0]] 1.0
[[1, 0], [0, 1], [0, 0], [1, 1]] -3.0
[[1, 0], [0, 0], [0, 1], [1, 1]] 5.0
[[0, 1], [1, 1], [1, 0], [0, 0]] -3.0
[[0, 1], [1, 0], [1, 1], [0, 0]] 5.0
[[0, 1], [1, 0], [1, 0], [0, 1]] 1.0
[[0, 0], [1, 1], [1, 1], [0, 0]] 1.0
[[0, 0], [1, 1], [1, 0], [0, 1]] -3.0
[[0, 0], [1, 0], [1, 1], [0, 1]] 5.0
[[0, 1], [1, 1], [0, 0], [1, 0]] -7.0
[[0, 1], [1, 0], [0, 1], [1, 0]] 1.0
[[0, 1], [1, 0], [0, 0], [1, 1]] -3.0
[[0, 0], [1, 1], [0, 1], [1, 0]] -3.0
[[0, 0], [1, 1], [0, 0], [1, 1]] -7.0
[[0, 0], [1, 0], [0, 1], [1, 1]] 1.0
[[0, 1], [0, 1], [1, 0], [1, 0]] 1.0
[[0, 1], [0, 0], [1, 1], [1, 0]] 9.0
[[0, 1], [0, 0], [1, 0], [1, 1]] 5.0
[[0, 0], [0, 1], [1, 1], [1, 0]] 5.0
[[0, 0], [0, 1], [1, 0], [1, 1]] 1.0
[[0, 0], [0, 0], [1, 1], [1, 1]] 9.0
### INFO ### hamiltonian matrix
[[-7.    0.    0.    0.    0.    0.    0.    0.25  0.    0.   -0.25  0.
   0.    0.    0.25  0.25  0.    0.    0.    0.    0.25  0.25  0.    0.
   0.   -0.25  0.    0.    0.25  0.    0.    0.    0.    0.    0.    0.  ]
 [ 0.    1.    0.    0.    0.    0.   -0.25  0.    0.    0.    0.    0.25
   0.    0.    0.    0.    0.    0.    0.    0.    0.    0.    0.    0.
  -0.25  0.    0.    0.    0.    0.25  0.    0.    0.    0.    0.    0.  ]
 [ 0.    0.   -3.    0.    0.    0.    0.    0.    0.    0.    0.    0.
  -0.25  0.    0.    0.    0.    0.25 -0.25  0.    0.    0.    0.    0.25
   0.    0.    0.    0.    0.    0.    0.    0.    0.    0.    0.    0.  ]
 [ 0.    0.    0.   -3.    0.    0.    0.    0.    0.    0.    0.    0.
  -0.25  0.    0.    0.    0.    0.25 -0.25  0.    0.    0.    0.    0.25
   0.    0.    0.    0.    0.    0.    0.    0.    0.    0.    0.    0.  ]
 [ 0.    0.    0.    0.   -7.    0.   -0.25  0.    0.    0.    0.    0.25
   0.    0.    0.    0.    0.    0.    0.    0.    0.    0.    0.    0.
  -0.25  0.    0.    0.    0.    0.25  0.    0.    0.    0.    0.    0.  ]
 [ 0.    0.    0.    0.    0.    1.    0.    0.25  0.    0.   -0.25  0.
   0.    0.   -0.25 -0.25  0.    0.    0.    0.   -0.25 -0.25  0.    0.
   0.   -0.25  0.    0.    0.25  0.    0.    0.    0.    0.    0.    0.  ]
 [ 0.   -0.25  0.    0.   -0.25  0.    1.    0.    0.    0.    0.    0.
   0.    0.    0.    0.    0.    0.    0.    0.    0.    0.    0.    0.
   0.    0.    0.    0.    0.    0.    0.    0.25  0.    0.    0.25  0.  ]
 [ 0.25  0.    0.    0.    0.    0.25  0.    9.    0.    0.    0.    0.
   0.    0.    0.25 -0.25  0.    0.    0.    0.   -0.25  0.25  0.    0.
   0.    0.    0.    0.    0.    0.    0.25  0.    0.    0.    0.    0.25]
 [ 0.    0.    0.    0.    0.    0.    0.    0.    5.    0.    0.    0.
   0.   -0.25  0.    0.    0.25  0.    0.   -0.25  0.    0.    0.25  0.
   0.    0.    0.    0.    0.    0.    0.    0.    0.    0.    0.    0.  ]
 [ 0.    0.    0.    0.    0.    0.    0.    0.    0.    5.    0.    0.
   0.   -0.25  0.    0.    0.25  0.    0.   -0.25  0.    0.    0.25  0.
   0.    0.    0.    0.    0.    0.    0.    0.    0.    0.    0.    0.  ]
 [-0.25  0.    0.    0.    0.   -0.25  0.    0.    0.    0.    1.    0.
   0.    0.    0.25 -0.25  0.    0.    0.    0.   -0.25  0.25  0.    0.
   0.    0.    0.    0.    0.    0.   -0.25  0.    0.    0.    0.   -0.25]
 [ 0.    0.25  0.    0.    0.25  0.    0.    0.    0.    0.    0.    9.
   0.    0.    0.    0.    0.    0.    0.    0.    0.    0.    0.    0.
   0.    0.    0.    0.    0.    0.    0.   -0.25  0.    0.   -0.25  0.  ]
 [ 0.    0.   -0.25 -0.25  0.    0.    0.    0.    0.    0.    0.    0.
  -3.    0.    0.    0.    0.    0.    0.    0.    0.    0.    0.    0.
   0.    0.    0.    0.    0.    0.    0.    0.    0.25  0.25  0.    0.  ]
 [ 0.    0.    0.    0.    0.    0.    0.    0.   -0.25 -0.25  0.    0.
   0.    5.    0.    0.    0.    0.    0.    0.    0.    0.    0.    0.
   0.    0.    0.25  0.25  0.    0.    0.    0.    0.    0.    0.    0.  ]
 [ 0.25  0.    0.    0.    0.   -0.25  0.    0.25  0.    0.    0.25  0.
   0.    0.    1.    0.    0.    0.    0.    0.    0.    0.    0.    0.
   0.    0.25  0.    0.    0.25  0.   -0.25  0.    0.    0.    0.    0.25]
 [ 0.25  0.    0.    0.    0.   -0.25  0.   -0.25  0.    0.   -0.25  0.
   0.    0.    0.    1.    0.    0.    0.    0.    0.    0.    0.    0.
   0.   -0.25  0.    0.   -0.25  0.   -0.25  0.    0.    0.    0.    0.25]
 [ 0.    0.    0.    0.    0.    0.    0.    0.    0.25  0.25  0.    0.
   0.    0.    0.    0.   -3.    0.    0.    0.    0.    0.    0.    0.
   0.    0.   -0.25 -0.25  0.    0.    0.    0.    0.    0.    0.    0.  ]
 [ 0.    0.    0.25  0.25  0.    0.    0.    0.    0.    0.    0.    0.
   0.    0.    0.    0.    0.    5.    0.    0.    0.    0.    0.    0.
   0.    0.    0.    0.    0.    0.    0.    0.   -0.25 -0.25  0.    0.  ]
 [ 0.    0.   -0.25 -0.25  0.    0.    0.    0.    0.    0.    0.    0.
   0.    0.    0.    0.    0.    0.   -3.    0.    0.    0.    0.    0.
   0.    0.    0.    0.    0.    0.    0.    0.    0.25  0.25  0.    0.  ]
 [ 0.    0.    0.    0.    0.    0.    0.    0.   -0.25 -0.25  0.    0.
   0.    0.    0.    0.    0.    0.    0.    5.    0.    0.    0.    0.
   0.    0.    0.25  0.25  0.    0.    0.    0.    0.    0.    0.    0.  ]
 [ 0.25  0.    0.    0.    0.   -0.25  0.   -0.25  0.    0.   -0.25  0.
   0.    0.    0.    0.    0.    0.    0.    0.    1.    0.    0.    0.
   0.   -0.25  0.    0.   -0.25  0.   -0.25  0.    0.    0.    0.    0.25]
 [ 0.25  0.    0.    0.    0.   -0.25  0.    0.25  0.    0.    0.25  0.
   0.    0.    0.    0.    0.    0.    0.    0.    0.    1.    0.    0.
   0.    0.25  0.    0.    0.25  0.   -0.25  0.    0.    0.    0.    0.25]
 [ 0.    0.    0.    0.    0.    0.    0.    0.    0.25  0.25  0.    0.
   0.    0.    0.    0.    0.    0.    0.    0.    0.    0.   -3.    0.
   0.    0.   -0.25 -0.25  0.    0.    0.    0.    0.    0.    0.    0.  ]
 [ 0.    0.    0.25  0.25  0.    0.    0.    0.    0.    0.    0.    0.
   0.    0.    0.    0.    0.    0.    0.    0.    0.    0.    0.    5.
   0.    0.    0.    0.    0.    0.    0.    0.   -0.25 -0.25  0.    0.  ]
 [ 0.   -0.25  0.    0.   -0.25  0.    0.    0.    0.    0.    0.    0.
   0.    0.    0.    0.    0.    0.    0.    0.    0.    0.    0.    0.
  -7.    0.    0.    0.    0.    0.    0.    0.25  0.    0.    0.25  0.  ]
 [-0.25  0.    0.    0.    0.   -0.25  0.    0.    0.    0.    0.    0.
   0.    0.    0.25 -0.25  0.    0.    0.    0.   -0.25  0.25  0.    0.
   0.    1.    0.    0.    0.    0.   -0.25  0.    0.    0.    0.   -0.25]
 [ 0.    0.    0.    0.    0.    0.    0.    0.    0.    0.    0.    0.
   0.    0.25  0.    0.   -0.25  0.    0.    0.25  0.    0.   -0.25  0.
   0.    0.   -3.    0.    0.    0.    0.    0.    0.    0.    0.    0.  ]
 [ 0.    0.    0.    0.    0.    0.    0.    0.    0.    0.    0.    0.
   0.    0.25  0.    0.   -0.25  0.    0.    0.25  0.    0.   -0.25  0.
   0.    0.    0.   -3.    0.    0.    0.    0.    0.    0.    0.    0.  ]
 [ 0.25  0.    0.    0.    0.    0.25  0.    0.    0.    0.    0.    0.
   0.    0.    0.25 -0.25  0.    0.    0.    0.   -0.25  0.25  0.    0.
   0.    0.    0.    0.   -7.    0.    0.25  0.    0.    0.    0.    0.25]
 [ 0.    0.25  0.    0.    0.25  0.    0.    0.    0.    0.    0.    0.
   0.    0.    0.    0.    0.    0.    0.    0.    0.    0.    0.    0.
   0.    0.    0.    0.    0.    1.    0.   -0.25  0.    0.   -0.25  0.  ]
 [ 0.    0.    0.    0.    0.    0.    0.    0.25  0.    0.   -0.25  0.
   0.    0.   -0.25 -0.25  0.    0.    0.    0.   -0.25 -0.25  0.    0.
   0.   -0.25  0.    0.    0.25  0.    1.    0.    0.    0.    0.    0.  ]
 [ 0.    0.    0.    0.    0.    0.    0.25  0.    0.    0.    0.   -0.25
   0.    0.    0.    0.    0.    0.    0.    0.    0.    0.    0.    0.
   0.25  0.    0.    0.    0.   -0.25  0.    9.    0.    0.    0.    0.  ]
 [ 0.    0.    0.    0.    0.    0.    0.    0.    0.    0.    0.    0.
   0.25  0.    0.    0.    0.   -0.25  0.25  0.    0.    0.    0.   -0.25
   0.    0.    0.    0.    0.    0.    0.    0.    5.    0.    0.    0.  ]
 [ 0.    0.    0.    0.    0.    0.    0.    0.    0.    0.    0.    0.
   0.25  0.    0.    0.    0.   -0.25  0.25  0.    0.    0.    0.   -0.25
   0.    0.    0.    0.    0.    0.    0.    0.    0.    5.    0.    0.  ]
 [ 0.    0.    0.    0.    0.    0.    0.25  0.    0.    0.    0.   -0.25
   0.    0.    0.    0.    0.    0.    0.    0.    0.    0.    0.    0.
   0.25  0.    0.    0.    0.   -0.25  0.    0.    0.    0.    1.    0.  ]
 [ 0.    0.    0.    0.    0.    0.    0.    0.25  0.    0.   -0.25  0.
   0.    0.    0.25  0.25  0.    0.    0.    0.    0.25  0.25  0.    0.
   0.   -0.25  0.    0.    0.25  0.    0.    0.    0.    0.    0.    9.  ]]
### INFO ### ground state
E: -7.2979734435359696
eigvec: basis --- probability --- wave function
([[1, 1], [1, 1], [0, 0], [0, 0]], 0.4973354154105816, 0.7052201184102603)
([[1, 1], [1, 0], [0, 1], [0, 0]], 0.49651925602889624, -0.704641225042146)
([[1, 1], [0, 0], [1, 0], [0, 1]], 0.003314503295662814, 0.05757172305622626)
([[1, 0], [0, 1], [1, 1], [0, 0]], 0.0025880655175325937, 0.05087303330382997)
([[1, 1], [1, 0], [0, 0], [0, 1]], 0.00016624067544627734, 0.012893435362473313)
([[1, 0], [1, 1], [0, 1], [0, 0]], 7.6519071881389e-05, 0.008747518041215405)
([[1, 0], [1, 1], [0, 0], [0, 1]], 1.1057221671667685e-29, -3.325240092334339e-15)
([[1, 0], [1, 0], [0, 1], [0, 1]], 4.9925048442735915e-30, 2.2343913811759997e-15)
([[1, 0], [0, 0], [1, 1], [0, 1]], 3.025245360871773e-30, -1.739323247953575e-15)
([[1, 1], [0, 0], [0, 1], [1, 0]], 1.4963864067108215e-30, -1.22326873854882e-15)
([[0, 0], [0, 1], [1, 1], [1, 0]], 3.8131833058739248e-34, -1.9527373878414693e-17)
([[1, 0], [0, 1], [1, 0], [0, 1]], 2.5886076166984455e-34, -1.608915043343944e-17)
([[1, 1], [0, 0], [0, 0], [1, 1]], 1.6932994243022684e-34, -1.3012683905721634e-17)
([[1, 1], [0, 1], [1, 0], [0, 0]], 1.4551662693459142e-34, 1.2063027270738943e-17)
([[1, 0], [0, 1], [0, 0], [1, 1]], 1.4176771176081945e-34, 1.190662470059502e-17)
([[0, 1], [1, 1], [0, 0], [1, 0]], 8.100629580347779e-35, 9.00034976006365e-18)
([[0, 0], [1, 1], [1, 0], [0, 1]], 8.075575362311839e-35, -8.98642051225728e-18)
([[0, 1], [1, 0], [0, 0], [1, 1]], 4.4114884004003855e-35, 6.641903643083348e-18)
([[1, 1], [0, 0], [1, 1], [0, 0]], 3.0527522991312034e-35, -5.5251717612497836e-18)
([[0, 0], [0, 1], [1, 0], [1, 1]], 2.489849162635693e-35, -4.9898388377137924e-18)
([[0, 0], [0, 0], [1, 1], [1, 1]], 2.2627193218567578e-35, -4.756804938040615e-18)
([[1, 1], [0, 1], [0, 0], [1, 0]], 6.103288113864837e-38, 2.470483376561121e-19)
([[0, 1], [1, 0], [0, 1], [1, 0]], 5.621766569572339e-38, 2.3710264801499663e-19)
([[0, 0], [1, 1], [0, 0], [1, 1]], 5.563576615220438e-38, -2.358723513941479e-19)
([[1, 0], [0, 1], [0, 1], [1, 0]], 4.6262903548808597e-38, -2.1508812972548856e-19)
([[0, 1], [1, 1], [1, 0], [0, 0]], 4.2485877333008617e-38, 2.061210259362412e-19)
([[1, 0], [0, 0], [0, 1], [1, 1]], 3.882680521109382e-38, -1.970451857089988e-19)
([[0, 1], [1, 0], [1, 0], [0, 1]], 1.3694355755112335e-38, 1.170228856041088e-19)
([[0, 0], [1, 1], [0, 1], [1, 0]], 1.1348291079120983e-39, 3.368722469886913e-20)
([[0, 0], [1, 0], [1, 1], [0, 1]], 8.849540102849382e-40, -2.9748176587564796e-20)
([[0, 0], [1, 1], [1, 1], [0, 0]], 7.411940771694042e-40, -2.7224879745728984e-20)
([[0, 1], [1, 0], [1, 1], [0, 0]], 1.5154502185528109e-40, -1.231036237709033e-20)
([[0, 1], [0, 1], [1, 0], [1, 0]], 6.527892143379384e-66, -2.5549740005290433e-33)
([[0, 1], [0, 0], [1, 0], [1, 1]], 6.400190614956179e-66, -2.529859801442795e-33)
([[0, 0], [1, 0], [0, 1], [1, 1]], 1.6005642193697277e-66, -1.2651340716974339e-33)
([[0, 1], [0, 0], [1, 1], [1, 0]], 3.9238055465116017e-67, 6.264028692871387e-34)
