### INFO ### diagonal elements
[[1, 1], [1, 1], [0, 0], [0, 0]] 0.0
[[1, 1], [1, 0], [0, 1], [0, 0]] 8.0
[[1, 1], [1, 0], [0, 0], [0, 1]] 4.0
[[1, 0], [1, 1], [0, 1], [0, 0]] 4.0
[[1, 0], [1, 1], [0, 0], [0, 1]] 0.0
[[1, 0], [1, 0], [0, 1], [0, 1]] 8.0
[[1, 1], [0, 1], [1, 0], [0, 0]] 8.0
[[1, 1], [0, 0], [1, 1], [0, 0]] 16.0
[[1, 1], [0, 0], [1, 0], [0, 1]] 12.0
[[1, 0], [0, 1], [1, 1], [0, 0]] 12.0
[[1, 0], [0, 1], [1, 0], [0, 1]] 8.0
[[1, 0], [0, 0], [1, 1], [0, 1]] 16.0
[[1, 1], [0, 1], [0, 0], [1, 0]] 4.0
[[1, 1], [0, 0], [0, 1], [1, 0]] 12.0
[[1, 1], [0, 0], [0, 0], [1, 1]] 8.0
[[1, 0], [0, 1], [0, 1], [1, 0]] 8.0
[[1, 0], [0, 1], [0, 0], [1, 1]] 4.0
[[1, 0], [0, 0], [0, 1], [1, 1]] 12.0
[[0, 1], [1, 1], [1, 0], [0, 0]] 4.0
[[0, 1], [1, 0], [1, 1], [0, 0]] 12.0
[[0, 1], [1, 0], [1, 0], [0, 1]] 8.0
[[0, 0], [1, 1], [1, 1], [0, 0]] 8.0
[[0, 0], [1, 1], [1, 0], [0, 1]] 4.0
[[0, 0], [1, 0], [1, 1], [0, 1]] 12.0
[[0, 1], [1, 1], [0, 0], [1, 0]] 0.0
[[0, 1], [1, 0], [0, 1], [1, 0]] 8.0
[[0, 1], [1, 0], [0, 0], [1, 1]] 4.0
[[0, 0], [1, 1], [0, 1], [1, 0]] 4.0
[[0, 0], [1, 1], [0, 0], [1, 1]] 0.0
[[0, 0], [1, 0], [0, 1], [1, 1]] 8.0
[[0, 1], [0, 1], [1, 0], [1, 0]] 8.0
[[0, 1], [0, 0], [1, 1], [1, 0]] 16.0
[[0, 1], [0, 0], [1, 0], [1, 1]] 12.0
[[0, 0], [0, 1], [1, 1], [1, 0]] 12.0
[[0, 0], [0, 1], [1, 0], [1, 1]] 8.0
[[0, 0], [0, 0], [1, 1], [1, 1]] 16.0
### INFO ### hamiltonian matrix
[[ 0.  0.  0.  0.  0.  0.  0.  2.  0.  0. -2.  0.  0.  0.  2.  2.  0.  0.
   0.  0.  2.  2.  0.  0.  0. -2.  0.  0.  2.  0.  0.  0.  0.  0.  0.  0.]
 [ 0.  8.  0.  0.  0.  0. -2.  0.  0.  0.  0.  2.  0.  0.  0.  0.  0.  0.
   0.  0.  0.  0.  0.  0. -2.  0.  0.  0.  0.  2.  0.  0.  0.  0.  0.  0.]
 [ 0.  0.  4.  0.  0.  0.  0.  0.  0.  0.  0.  0. -2.  0.  0.  0.  0.  2.
  -2.  0.  0.  0.  0.  2.  0.  0.  0.  0.  0.  0.  0.  0.  0.  0.  0.  0.]
 [ 0.  0.  0.  4.  0.  0.  0.  0.  0.  0.  0.  0. -2.  0.  0.  0.  0.  2.
  -2.  0.  0.  0.  0.  2.  0.  0.  0.  0.  0.  0.  0.  0.  0.  0.  0.  0.]
 [ 0.  0.  0.  0.  0.  0. -2.  0.  0.  0.  0.  2.  0.  0.  0.  0.  0.  0.
   0.  0.  0.  0.  0.  0. -2.  0.  0.  0.  0.  2.  0.  0.  0.  0.  0.  0.]
 [ 0.  0.  0.  0.  0.  8.  0.  2.  0.  0. -2.  0.  0.  0. -2. -2.  0.  0.
   0.  0. -2. -2.  0.  0.  0. -2.  0.  0.  2.  0.  0.  0.  0.  0.  0.  0.]
 [ 0. -2.  0.  0. -2.  0.  8.  0.  0.  0.  0.  0.  0.  0.  0.  0.  0.  0.
   0.  0.  0.  0.  0.  0.  0.  0.  0.  0.  0.  0.  0.  2.  0.  0.  2.  0.]
 [ 2.  0.  0.  0.  0.  2.  0. 16.  0.  0.  0.  0.  0.  0.  2. -2.  0.  0.
   0.  0. -2.  2.  0.  0.  0.  0.  0.  0.  0.  0.  2.  0.  0.  0.  0.  2.]
 [ 0.  0.  0.  0.  0.  0.  0.  0. 12.  0.  0.  0.  0. -2.  0.  0.  2.  0.
   0. -2.  0.  0.  2.  0.  0.  0.  0.  0.  0.  0.  0.  0.  0.  0.  0.  0.]
 [ 0.  0.  0.  0.  0.  0.  0.  0.  0. 12.  0.  0.  0. -2.  0.  0.  2.  0.
   0. -2.  0.  0.  2.  0.  0.  0.  0.  0.  0.  0.  0.  0.  0.  0.  0.  0.]
 [-2.  0.  0.  0.  0. -2.  0.  0.  0.  0.  8.  0.  0.  0.  2. -2.  0.  0.
   0.  0. -2.  2.  0.  0.  0.  0.  0.  0.  0.  0. -2.  0.  0.  0.  0. -2.]
 [ 0.  2.  0.  0.  2.  0.  0.  0.  0.  0.  0. 16.  0.  0.  0.  0.  0.  0.
   0.  0.  0.  0.  0.  0.  0.  0.  0.  0.  0.  0.  0. -2.  0.  0. -2.  0.]
 [ 0.  0. -2. -2.  0.  0.  0.  0.  0.  0.  0.  0.  4.  0.  0.  0.  0.  0.
   0.  0.  0.  0.  0.  0.  0.  0.  0.  0.  0.  0.  0.  0.  2.  2.  0.  0.]
 [ 0.  0.  0.  0.  0.  0.  0.  0. -2. -2.  0.  0.  0. 12.  0.  0.  0.  0.
   0.  0.  0.  0.  0.  0.  0.  0.  2.  2.  0.  0.  0.  0.  0.  0.  0.  0.]
 [ 2.  0.  0.  0.  0. -2.  0.  2.  0.  0.  2.  0.  0.  0.  8.  0.  0.  0.
   0.  0.  0.  0.  0.  0.  0.  2.  0.  0.  2.  0. -2.  0.  0.  0.  0.  2.]
 [ 2.  0.  0.  0.  0. -2.  0. -2.  0.  0. -2.  0.  0.  0.  0.  8.  0.  0.
   0.  0.  0.  0.  0.  0.  0. -2.  0.  0. -2.  0. -2.  0.  0.  0.  0.  2.]
 [ 0.  0.  0.  0.  0.  0.  0.  0.  2.  2.  0.  0.  0.  0.  0.  0.  4.  0.
   0.  0.  0.  0.  0.  0.  0.  0. -2. -2.  0.  0.  0.  0.  0.  0.  0.  0.]
 [ 0.  0.  2.  2.  0.  0.  0.  0.  0.  0.  0.  0.  0.  0.  0.  0.  0. 12.
   0.  0.  0.  0.  0.  0.  0.  0.  0.  0.  0.  0.  0.  0. -2. -2.  0.  0.]
 [ 0.  0. -2. -2.  0.  0.  0.  0.  0.  0.  0.  0.  0.  0.  0.  0.  0.  0.
   4.  0.  0.  0.  0.  0.  0.  0.  0.  0.  0.  0.  0.  0.  2.  2.  0.  0.]
 [ 0.  0.  0.  0.  0.  0.  0.  0. -2. -2.  0.  0.  0.  0.  0.  0.  0.  0.
   0. 12.  0.  0.  0.  0.  0.  0.  2.  2.  0.  0.  0.  0.  0.  0.  0.  0.]
 [ 2.  0.  0.  0.  0. -2.  0. -2.  0.  0. -2.  0.  0.  0.  0.  0.  0.  0.
   0.  0.  8.  0.  0.  0.  0. -2.  0.  0. -2.  0. -2.  0.  0.  0.  0.  2.]
 [ 2.  0.  0.  0.  0. -2.  0.  2.  0.  0.  2.  0.  0.  0.  0.  0.  0.  0.
   0.  0.  0.  8.  0.  0.  0.  2.  0.  0.  2.  0. -2.  0.  0.  0.  0.  2.]
 [ 0.  0.  0.  0.  0.  0.  0.  0.  2.  2.  0.  0.  0.  0.  0.  0.  0.  0.
   0.  0.  0.  0.  4.  0.  0.  0. -2. -2.  0.  0.  0.  0.  0.  0.  0.  0.]
 [ 0.  0.  2.  2.  0.  0.  0.  0.  0.  0.  0.  0.  0.  0.  0.  0.  0.  0.
   0.  0.  0.  0.  0. 12.  0.  0.  0.  0.  0.  0.  0.  0. -2. -2.  0.  0.]
 [ 0. -2.  0.  0. -2.  0.  0.  0.  0.  0.  0.  0.  0.  0.  0.  0.  0.  0.
   0.  0.  0.  0.  0.  0.  0.  0.  0.  0.  0.  0.  0.  2.  0.  0.  2.  0.]
 [-2.  0.  0.  0.  0. -2.  0.  0.  0.  0.  0.  0.  0.  0.  2. -2.  0.  0.
   0.  0. -2.  2.  0.  0.  0.  8.  0.  0.  0.  0. -2.  0.  0.  0.  0. -2.]
 [ 0.  0.  0.  0.  0.  0.  0.  0.  0.  0.  0.  0.  0.  2.  0.  0. -2.  0.
   0.  2.  0.  0. -2.  0.  0.  0.  4.  0.  0.  0.  0.  0.  0.  0.  0.  0.]
 [ 0.  0.  0.  0.  0.  0.  0.  0.  0.  0.  0.  0.  0.  2.  0.  0. -2.  0.
   0.  2.  0.  0. -2.  0.  0.  0.  0.  4.  0.  0.  0.  0.  0.  0.  0.  0.]
 [ 2.  0.  0.  0.  0.  2.  0.  0.  0.  0.  0.  0.  0.  0.  2. -2.  0.  0.
   0.  0. -2.  2.  0.  0.  0.  0.  0.  0.  0.  0.  2.  0.  0.  0.  0.  2.]
 [ 0.  2.  0.  0.  2.  0.  0.  0.  0.  0.  0.  0.  0.  0.  0.  0.  0.  0.
   0.  0.  0.  0.  0.  0.  0.  0.  0.  0.  0.  8.  0. -2.  0.  0. -2.  0.]
 [ 0.  0.  0.  0.  0.  0.  0.  2.  0.  0. -2.  0.  0.  0. -2. -2.  0.  0.
   0.  0. -2. -2.  0.  0.  0. -2.  0.  0.  2.  0.  8.  0.  0.  0.  0.  0.]
 [ 0.  0.  0.  0.  0.  0.  2.  0.  0.  0.  0. -2.  0.  0.  0.  0.  0.  0.
   0.  0.  0.  0.  0.  0.  2.  0.  0.  0.  0. -2.  0. 16.  0.  0.  0.  0.]
 [ 0.  0.  0.  0.  0.  0.  0.  0.  0.  0.  0.  0.  2.  0.  0.  0.  0. -2.
   2.  0.  0.  0.  0. -2.  0.  0.  0.  0.  0.  0.  0.  0. 12.  0.  0.  0.]
 [ 0.  0.  0.  0.  0.  0.  0.  0.  0.  0.  0.  0.  2.  0.  0.  0.  0. -2.
   2.  0.  0.  0.  0. -2.  0.  0.  0.  0.  0.  0.  0.  0.  0. 12.  0.  0.]
 [ 0.  0.  0.  0.  0.  0.  2.  0.  0.  0.  0. -2.  0.  0.  0.  0.  0.  0.
   0.  0.  0.  0.  0.  0.  2.  0.  0.  0.  0. -2.  0.  0.  0.  0.  8.  0.]
 [ 0.  0.  0.  0.  0.  0.  0.  2.  0.  0. -2.  0.  0.  0.  2.  2.  0.  0.
   0.  0.  2.  2.  0.  0.  0. -2.  0.  0.  2.  0.  0.  0.  0.  0.  0. 16.]]
### INFO ### ground state
E: -4.205496966924155
eigvec: basis --- probability --- wave function
([[0, 0], [1, 1], [0, 0], [1, 1]], 0.4249138153296848, -0.6518541365441235)
([[1, 1], [1, 1], [0, 0], [0, 0]], 0.4249138153296839, 0.6518541365441228)
([[1, 0], [0, 1], [0, 1], [1, 0]], 0.03778574407894528, -0.19438555522194872)
([[0, 1], [1, 0], [1, 0], [0, 1]], 0.03778574407894526, -0.1943855552219487)
([[0, 0], [0, 0], [1, 1], [1, 1]], 0.018407568551897863, 0.1356744948466655)
([[1, 1], [0, 0], [1, 1], [0, 0]], 0.01840756855189782, -0.13567449484666533)
([[1, 0], [0, 1], [1, 0], [0, 1]], 0.009446436019736285, 0.09719277761097418)
([[1, 0], [1, 0], [0, 1], [0, 1]], 0.009446436019736285, 0.09719277761097418)
([[0, 1], [0, 1], [1, 0], [1, 0]], 0.009446436019736281, 0.09719277761097417)
([[0, 1], [1, 0], [0, 1], [1, 0]], 0.009446436019736281, 0.09719277761097417)
([[1, 0], [1, 1], [0, 0], [0, 1]], 2.1924938189245046e-32, 1.480707202293723e-16)
([[1, 1], [1, 0], [0, 0], [0, 1]], 1.2795398250120784e-32, -1.1311674610826102e-16)
([[0, 1], [1, 1], [0, 0], [1, 0]], 1.1191434580685837e-32, 1.057895769000228e-16)
([[1, 1], [1, 0], [0, 1], [0, 0]], 4.5802210452081105e-33, 6.767733036407472e-17)
([[0, 0], [1, 0], [0, 1], [1, 1]], 1.9494991415665534e-33, -4.415313286242046e-17)
([[1, 1], [0, 1], [1, 0], [0, 0]], 1.908671708137408e-33, 4.368834750980412e-17)
([[0, 0], [0, 1], [1, 0], [1, 1]], 1.2833450115844633e-33, -3.582380509639454e-17)
([[1, 0], [1, 1], [0, 1], [0, 0]], 9.591429767354893e-34, -3.0970033528162176e-17)
([[0, 1], [1, 1], [1, 0], [0, 0]], 7.896329106746927e-34, -2.81004076602937e-17)
([[1, 1], [0, 1], [0, 0], [1, 0]], 7.703249621961918e-34, -2.7754728645695526e-17)
([[1, 0], [0, 0], [1, 1], [0, 1]], 6.246308021197056e-34, -2.499261495161532e-17)
([[0, 1], [0, 0], [1, 1], [1, 0]], 4.6829043555583224e-34, -2.1640019305810062e-17)
([[1, 0], [0, 0], [0, 1], [1, 1]], 2.1092955593019833e-34, 1.4523414059035787e-17)
([[0, 0], [1, 0], [1, 1], [0, 1]], 1.9190836080777169e-34, 1.3853099321371073e-17)
([[0, 0], [1, 1], [1, 1], [0, 0]], 1.303547330878421e-34, -1.1417299728387712e-17)
([[1, 1], [0, 0], [0, 0], [1, 1]], 1.303547330878421e-34, -1.1417299728387712e-17)
([[0, 0], [0, 1], [1, 1], [1, 0]], 1.0806520869439385e-34, 1.0395441726756677e-17)
([[0, 1], [0, 0], [1, 0], [1, 1]], 1.0806520869439385e-34, 1.0395441726756677e-17)
([[1, 1], [0, 0], [1, 0], [0, 1]], 1.9834895632395034e-64, -1.4083641444028257e-32)
([[1, 0], [0, 1], [1, 1], [0, 0]], 2.6360420122647186e-65, -5.134239975171319e-33)
([[1, 0], [0, 1], [0, 0], [1, 1]], 1.2409697282762098e-65, 3.522740024861627e-33)
([[0, 0], [1, 1], [1, 0], [0, 1]], 1.225545539834897e-65, 3.5007792558727506e-33)
([[0, 1], [1, 0], [0, 0], [1, 1]], 6.999807583028468e-66, 2.645714947425075e-33)
([[0, 0], [1, 1], [0, 1], [1, 0]], 6.865809238712143e-66, 2.6202689248838836e-33)
([[0, 1], [1, 0], [1, 1], [0, 0]], 2.925666034953674e-66, -1.7104578436645768e-33)
([[1, 1], [0, 0], [0, 1], [1, 0]], 1.7224061171154923e-66, -1.3124047078228165e-33)
